--- Starting Cancellation Test ---
node.exe : PrismaClie
ntValidationError: 
En línea: 1 
Carácter: 1
+ & "C:\Program Files
\nodejs/node.exe" 
"C:\Program 
Files\nodejs/node_mo 
...
+ ~~~~~~~~~~~~~~~~~~~
~~~~~~~~~~~~~~~~~~~~~
~~~~~~~~~~~~~~~~~~~~~
~~~~~~~~
    + CategoryInfo   
           : NotSpe  
  cified: (PrismaC   
 lientValidationE    
rror: :String) [    
], RemoteExcepti    
on
    + FullyQualified 
   ErrorId : Native  
  CommandError
 
Invalid `prisma.user.
create()` invocation 
in
D:\Datos\Documentos\P
royectos\Proyecto 2\r
eservation-system\scr
ipts\test-cancellatio
n.ts:11:36

   8 
   9 // 1. Create a 
test user and service
  10 const email = `t
est-user-${Date.now()
}@example.com`;
ÔåÆ 11 const user = 
await 
prisma.user.create({
       data: {
         email: "test
-user-1768826975355@e
xample.com",
         username: "t
estuser1768826975355"
,
         services: {
           create: {
             title: 
"Test Service",
             
duration: 30,
             url: "te
st-service-1768826975
355",
             
minNotice: 0,
             
availability: {
             
~~~~~~~~~~~~
               
create: {
                 
dayOfWeek: 1,
                 
startTime: "00:00",
                 
endTime: "23:59"
               }
             },
     ?       id?: 
String,
     ?       
description?: String 
| Null,
     ?       price?: 
Float,
     ?       
location?: String | 
Null,
     ?       color?: 
String,
     ?       
capacity?: Int,
     ?       
bufferTime?: Int,
     ?       
customInputs?: Nullab
leJsonNullValueInput 
| Json,
     ?       
isActive?: Boolean,
     ?       
createdAt?: DateTime,
     ?       
updatedAt?: DateTime,
     ?       
bookings?: BookingCre
ateNestedManyWithoutS
erviceInput
           }
         }
       },
       include: {
         services: 
true
       }
     })

Unknown argument 
`availability`. 
Available options 
are marked with ?.
    at wn (D:\Datos\D
ocumentos\Proyectos\P
royecto 2\reservation
-system\node_modules\
@prisma\client\runtim
e\library.js:29:1363)
    at $n.handleReque
stError (D:\Datos\Doc
umentos\Proyectos\Pro
yecto 2\reservation-s
ystem\node_modules\@p
risma\client\runtime\
library.js:121:6958)
    at $n.handleAndLo
gRequestError (D:\Dat
os\Documentos\Proyect
os\Proyecto 2\reserva
tion-system\node_modu
les\@prisma\client\ru
ntime\library.js:121:
6623)
    at $n.request (D:
\Datos\Documentos\Pro
yectos\Proyecto 2\res
ervation-system\node_
modules\@prisma\clien
t\runtime\library.js:
121:6307)
    at async l (D:\Da
tos\Documentos\Proyec
tos\Proyecto 2\reserv
ation-system\node_mod
ules\@prisma\client\r
untime\library.js:130
:9633)
    at async main (D:
\Datos\Documentos\Pro
yectos\Proyecto 2\res
ervation-system\scrip
ts\test-cancellation.
ts:11:18) {
  clientVersion: 
'5.22.0'
}
