actions/availability.ts(23,34): error TS18048: 'session.user' is possibly 'undefined'.
actions/availability.ts(28,21): error TS2322: Type '{ dayOfWeek: number; startTime: string; endTime: string; userId: string | undefined; }[]' is not assignable to type 'AvailabilityRuleCreateManyInput | AvailabilityRuleCreateManyInput[]'.
  Type '{ dayOfWeek: number; startTime: string; endTime: string; userId: string | undefined; }[]' is not assignable to type 'AvailabilityRuleCreateManyInput[]'.
    Type '{ dayOfWeek: number; startTime: string; endTime: string; userId: string | undefined; }' is not assignable to type 'AvailabilityRuleCreateManyInput'.
      Types of property 'userId' are incompatible.
        Type 'string | undefined' is not assignable to type 'string'.
          Type 'undefined' is not assignable to type 'string'.
actions/availability.ts(29,33): error TS18048: 'session.user' is possibly 'undefined'.
components/services/service-form.tsx(39,9): error TS2322: Type 'Resolver<{ title: string; duration: unknown; url: string; description?: string | undefined; price?: unknown; location?: string | undefined; isActive?: boolean | undefined; }, any, { title: string; duration: number; ... 4 more ...; isActive?: boolean | undefined; }>' is not assignable to type 'Resolver<{ title: string; duration: number; price: number; url: string; description?: string | undefined; location?: string | undefined; isActive?: boolean | undefined; }, any, { title: string; duration: number; ... 4 more ...; isActive?: boolean | undefined; }>'.
  Types of parameters 'options' and 'options' are incompatible.
    Type 'ResolverOptions<{ title: string; duration: number; price: number; url: string; description?: string | undefined; location?: string | undefined; isActive?: boolean | undefined; }>' is not assignable to type 'ResolverOptions<{ title: string; duration: unknown; url: string; description?: string | undefined; price?: unknown; location?: string | undefined; isActive?: boolean | undefined; }>'.
      Type 'unknown' is not assignable to type 'number'.
components/services/service-form.tsx(82,55): error TS2345: Argument of type '(values: z.infer<typeof ServiceSchema>) => void' is not assignable to parameter of type 'SubmitHandler<TFieldValues>'.
  Types of parameters 'values' and 'data' are incompatible.
    Type 'TFieldValues' is not assignable to type '{ title: string; duration: number; price: number; url: string; description?: string | undefined; location?: string | undefined; isActive?: boolean | undefined; }'.
      Type 'FieldValues' is missing the following properties from type '{ title: string; duration: number; price: number; url: string; description?: string | undefined; location?: string | undefined; isActive?: boolean | undefined; }': title, duration, price, url
components/services/service-form.tsx(85,33): error TS2322: Type 'Control<{ title: string; duration: number; price: number; url: string; description?: string | undefined; location?: string | undefined; isActive?: boolean | undefined; }, any, TFieldValues>' is not assignable to type 'Control<{ title: string; duration: number; price: number; url: string; description?: string | undefined; location?: string | undefined; isActive?: boolean | undefined; }, any, { title: string; duration: number; ... 4 more ...; isActive?: boolean | undefined; }>'.
  The types of '_options.resolver' are incompatible between these types.
    Type 'Resolver<{ title: string; duration: number; price: number; url: string; description?: string | undefined; location?: string | undefined; isActive?: boolean | undefined; }, any, TFieldValues> | undefined' is not assignable to type 'Resolver<{ title: string; duration: number; price: number; url: string; description?: string | undefined; location?: string | undefined; isActive?: boolean | undefined; }, any, { title: string; ... 5 more ...; isActive?: boolean | undefined; }> | undefined'.
      Type 'Resolver<{ title: string; duration: number; price: number; url: string; description?: string | undefined; location?: string | undefined; isActive?: boolean | undefined; }, any, TFieldValues>' is not assignable to type 'Resolver<{ title: string; duration: number; price: number; url: string; description?: string | undefined; location?: string | undefined; isActive?: boolean | undefined; }, any, { title: string; duration: number; ... 4 more ...; isActive?: boolean | undefined; }>'.
        Type 'ResolverResult<{ title: string; duration: number; price: number; url: string; description?: string | undefined; location?: string | undefined; isActive?: boolean | undefined; }, TFieldValues> | Promise<...>' is not assignable to type 'ResolverResult<{ title: string; duration: number; price: number; url: string; description?: string | undefined; location?: string | undefined; isActive?: boolean | undefined; }, { title: string; duration: number; ... 4 more ...; isActive?: boolean | undefined; }> | Promise<...>'.
          Type 'ResolverSuccess<TFieldValues>' is not assignable to type 'ResolverResult<{ title: string; duration: number; price: number; url: string; description?: string | undefined; location?: string | undefined; isActive?: boolean | undefined; }, { title: string; duration: number; ... 4 more ...; isActive?: boolean | undefined; }> | Promise<...>'.
            Type 'ResolverSuccess<TFieldValues>' is not assignable to type 'ResolverSuccess<{ title: string; duration: number; price: number; url: string; description?: string | undefined; location?: string | undefined; isActive?: boolean | undefined; }>'.
              Type 'TFieldValues' is not assignable to type '{ title: string; duration: number; price: number; url: string; description?: string | undefined; location?: string | undefined; isActive?: boolean | undefined; }'.
                Type 'FieldValues' is missing the following properties from type '{ title: string; duration: number; price: number; url: string; description?: string | undefined; location?: string | undefined; isActive?: boolean | undefined; }': title, duration, price, url
components/services/service-form.tsx(98,33): error TS2322: Type 'Control<{ title: string; duration: number; price: number; url: string; description?: string | undefined; location?: string | undefined; isActive?: boolean | undefined; }, any, TFieldValues>' is not assignable to type 'Control<{ title: string; duration: number; price: number; url: string; description?: string | undefined; location?: string | undefined; isActive?: boolean | undefined; }, any, { title: string; duration: number; ... 4 more ...; isActive?: boolean | undefined; }>'.
  The types of '_options.resolver' are incompatible between these types.
    Type 'Resolver<{ title: string; duration: number; price: number; url: string; description?: string | undefined; location?: string | undefined; isActive?: boolean | undefined; }, any, TFieldValues> | undefined' is not assignable to type 'Resolver<{ title: string; duration: number; price: number; url: string; description?: string | undefined; location?: string | undefined; isActive?: boolean | undefined; }, any, { title: string; ... 5 more ...; isActive?: boolean | undefined; }> | undefined'.
      Type 'Resolver<{ title: string; duration: number; price: number; url: string; description?: string | undefined; location?: string | undefined; isActive?: boolean | undefined; }, any, TFieldValues>' is not assignable to type 'Resolver<{ title: string; duration: number; price: number; url: string; description?: string | undefined; location?: string | undefined; isActive?: boolean | undefined; }, any, { title: string; duration: number; ... 4 more ...; isActive?: boolean | undefined; }>'.
        Type 'ResolverResult<{ title: string; duration: number; price: number; url: string; description?: string | undefined; location?: string | undefined; isActive?: boolean | undefined; }, TFieldValues> | Promise<...>' is not assignable to type 'ResolverResult<{ title: string; duration: number; price: number; url: string; description?: string | undefined; location?: string | undefined; isActive?: boolean | undefined; }, { title: string; duration: number; ... 4 more ...; isActive?: boolean | undefined; }> | Promise<...>'.
          Type 'ResolverSuccess<TFieldValues>' is not assignable to type 'ResolverResult<{ title: string; duration: number; price: number; url: string; description?: string | undefined; location?: string | undefined; isActive?: boolean | undefined; }, { title: string; duration: number; ... 4 more ...; isActive?: boolean | undefined; }> | Promise<...>'.
            Type 'ResolverSuccess<TFieldValues>' is not assignable to type 'ResolverSuccess<{ title: string; duration: number; price: number; url: string; description?: string | undefined; location?: string | undefined; isActive?: boolean | undefined; }>'.
              Type 'TFieldValues' is not assignable to type '{ title: string; duration: number; price: number; url: string; description?: string | undefined; location?: string | undefined; isActive?: boolean | undefined; }'.
                Type 'FieldValues' is missing the following properties from type '{ title: string; duration: number; price: number; url: string; description?: string | undefined; location?: string | undefined; isActive?: boolean | undefined; }': title, duration, price, url
components/services/service-form.tsx(116,37): error TS2322: Type 'Control<{ title: string; duration: number; price: number; url: string; description?: string | undefined; location?: string | undefined; isActive?: boolean | undefined; }, any, TFieldValues>' is not assignable to type 'Control<{ title: string; duration: number; price: number; url: string; description?: string | undefined; location?: string | undefined; isActive?: boolean | undefined; }, any, { title: string; duration: number; ... 4 more ...; isActive?: boolean | undefined; }>'.
  The types of '_options.resolver' are incompatible between these types.
    Type 'Resolver<{ title: string; duration: number; price: number; url: string; description?: string | undefined; location?: string | undefined; isActive?: boolean | undefined; }, any, TFieldValues> | undefined' is not assignable to type 'Resolver<{ title: string; duration: number; price: number; url: string; description?: string | undefined; location?: string | undefined; isActive?: boolean | undefined; }, any, { title: string; ... 5 more ...; isActive?: boolean | undefined; }> | undefined'.
      Type 'Resolver<{ title: string; duration: number; price: number; url: string; description?: string | undefined; location?: string | undefined; isActive?: boolean | undefined; }, any, TFieldValues>' is not assignable to type 'Resolver<{ title: string; duration: number; price: number; url: string; description?: string | undefined; location?: string | undefined; isActive?: boolean | undefined; }, any, { title: string; duration: number; ... 4 more ...; isActive?: boolean | undefined; }>'.
        Type 'ResolverResult<{ title: string; duration: number; price: number; url: string; description?: string | undefined; location?: string | undefined; isActive?: boolean | undefined; }, TFieldValues> | Promise<...>' is not assignable to type 'ResolverResult<{ title: string; duration: number; price: number; url: string; description?: string | undefined; location?: string | undefined; isActive?: boolean | undefined; }, { title: string; duration: number; ... 4 more ...; isActive?: boolean | undefined; }> | Promise<...>'.
          Type 'ResolverSuccess<TFieldValues>' is not assignable to type 'ResolverResult<{ title: string; duration: number; price: number; url: string; description?: string | undefined; location?: string | undefined; isActive?: boolean | undefined; }, { title: string; duration: number; ... 4 more ...; isActive?: boolean | undefined; }> | Promise<...>'.
            Type 'ResolverSuccess<TFieldValues>' is not assignable to type 'ResolverSuccess<{ title: string; duration: number; price: number; url: string; description?: string | undefined; location?: string | undefined; isActive?: boolean | undefined; }>'.
              Type 'TFieldValues' is not assignable to type '{ title: string; duration: number; price: number; url: string; description?: string | undefined; location?: string | undefined; isActive?: boolean | undefined; }'.
                Type 'FieldValues' is missing the following properties from type '{ title: string; duration: number; price: number; url: string; description?: string | undefined; location?: string | undefined; isActive?: boolean | undefined; }': title, duration, price, url
components/services/service-form.tsx(129,37): error TS2322: Type 'Control<{ title: string; duration: number; price: number; url: string; description?: string | undefined; location?: string | undefined; isActive?: boolean | undefined; }, any, TFieldValues>' is not assignable to type 'Control<{ title: string; duration: number; price: number; url: string; description?: string | undefined; location?: string | undefined; isActive?: boolean | undefined; }, any, { title: string; duration: number; ... 4 more ...; isActive?: boolean | undefined; }>'.
  The types of '_options.resolver' are incompatible between these types.
    Type 'Resolver<{ title: string; duration: number; price: number; url: string; description?: string | undefined; location?: string | undefined; isActive?: boolean | undefined; }, any, TFieldValues> | undefined' is not assignable to type 'Resolver<{ title: string; duration: number; price: number; url: string; description?: string | undefined; location?: string | undefined; isActive?: boolean | undefined; }, any, { title: string; ... 5 more ...; isActive?: boolean | undefined; }> | undefined'.
      Type 'Resolver<{ title: string; duration: number; price: number; url: string; description?: string | undefined; location?: string | undefined; isActive?: boolean | undefined; }, any, TFieldValues>' is not assignable to type 'Resolver<{ title: string; duration: number; price: number; url: string; description?: string | undefined; location?: string | undefined; isActive?: boolean | undefined; }, any, { title: string; duration: number; ... 4 more ...; isActive?: boolean | undefined; }>'.
        Type 'ResolverResult<{ title: string; duration: number; price: number; url: string; description?: string | undefined; location?: string | undefined; isActive?: boolean | undefined; }, TFieldValues> | Promise<...>' is not assignable to type 'ResolverResult<{ title: string; duration: number; price: number; url: string; description?: string | undefined; location?: string | undefined; isActive?: boolean | undefined; }, { title: string; duration: number; ... 4 more ...; isActive?: boolean | undefined; }> | Promise<...>'.
          Type 'ResolverSuccess<TFieldValues>' is not assignable to type 'ResolverResult<{ title: string; duration: number; price: number; url: string; description?: string | undefined; location?: string | undefined; isActive?: boolean | undefined; }, { title: string; duration: number; ... 4 more ...; isActive?: boolean | undefined; }> | Promise<...>'.
            Type 'ResolverSuccess<TFieldValues>' is not assignable to type 'ResolverSuccess<{ title: string; duration: number; price: number; url: string; description?: string | undefined; location?: string | undefined; isActive?: boolean | undefined; }>'.
              Type 'TFieldValues' is not assignable to type '{ title: string; duration: number; price: number; url: string; description?: string | undefined; location?: string | undefined; isActive?: boolean | undefined; }'.
                Type 'FieldValues' is missing the following properties from type '{ title: string; duration: number; price: number; url: string; description?: string | undefined; location?: string | undefined; isActive?: boolean | undefined; }': title, duration, price, url
components/services/service-form.tsx(143,33): error TS2322: Type 'Control<{ title: string; duration: number; price: number; url: string; description?: string | undefined; location?: string | undefined; isActive?: boolean | undefined; }, any, TFieldValues>' is not assignable to type 'Control<{ title: string; duration: number; price: number; url: string; description?: string | undefined; location?: string | undefined; isActive?: boolean | undefined; }, any, { title: string; duration: number; ... 4 more ...; isActive?: boolean | undefined; }>'.
  The types of '_options.resolver' are incompatible between these types.
    Type 'Resolver<{ title: string; duration: number; price: number; url: string; description?: string | undefined; location?: string | undefined; isActive?: boolean | undefined; }, any, TFieldValues> | undefined' is not assignable to type 'Resolver<{ title: string; duration: number; price: number; url: string; description?: string | undefined; location?: string | undefined; isActive?: boolean | undefined; }, any, { title: string; ... 5 more ...; isActive?: boolean | undefined; }> | undefined'.
      Type 'Resolver<{ title: string; duration: number; price: number; url: string; description?: string | undefined; location?: string | undefined; isActive?: boolean | undefined; }, any, TFieldValues>' is not assignable to type 'Resolver<{ title: string; duration: number; price: number; url: string; description?: string | undefined; location?: string | undefined; isActive?: boolean | undefined; }, any, { title: string; duration: number; ... 4 more ...; isActive?: boolean | undefined; }>'.
        Type 'ResolverResult<{ title: string; duration: number; price: number; url: string; description?: string | undefined; location?: string | undefined; isActive?: boolean | undefined; }, TFieldValues> | Promise<...>' is not assignable to type 'ResolverResult<{ title: string; duration: number; price: number; url: string; description?: string | undefined; location?: string | undefined; isActive?: boolean | undefined; }, { title: string; duration: number; ... 4 more ...; isActive?: boolean | undefined; }> | Promise<...>'.
          Type 'ResolverSuccess<TFieldValues>' is not assignable to type 'ResolverResult<{ title: string; duration: number; price: number; url: string; description?: string | undefined; location?: string | undefined; isActive?: boolean | undefined; }, { title: string; duration: number; ... 4 more ...; isActive?: boolean | undefined; }> | Promise<...>'.
            Type 'ResolverSuccess<TFieldValues>' is not assignable to type 'ResolverSuccess<{ title: string; duration: number; price: number; url: string; description?: string | undefined; location?: string | undefined; isActive?: boolean | undefined; }>'.
              Type 'TFieldValues' is not assignable to type '{ title: string; duration: number; price: number; url: string; description?: string | undefined; location?: string | undefined; isActive?: boolean | undefined; }'.
                Type 'FieldValues' is missing the following properties from type '{ title: string; duration: number; price: number; url: string; description?: string | undefined; location?: string | undefined; isActive?: boolean | undefined; }': title, duration, price, url
components/services/service-form.tsx(156,33): error TS2322: Type 'Control<{ title: string; duration: number; price: number; url: string; description?: string | undefined; location?: string | undefined; isActive?: boolean | undefined; }, any, TFieldValues>' is not assignable to type 'Control<{ title: string; duration: number; price: number; url: string; description?: string | undefined; location?: string | undefined; isActive?: boolean | undefined; }, any, { title: string; duration: number; ... 4 more ...; isActive?: boolean | undefined; }>'.
  The types of '_options.resolver' are incompatible between these types.
    Type 'Resolver<{ title: string; duration: number; price: number; url: string; description?: string | undefined; location?: string | undefined; isActive?: boolean | undefined; }, any, TFieldValues> | undefined' is not assignable to type 'Resolver<{ title: string; duration: number; price: number; url: string; description?: string | undefined; location?: string | undefined; isActive?: boolean | undefined; }, any, { title: string; ... 5 more ...; isActive?: boolean | undefined; }> | undefined'.
      Type 'Resolver<{ title: string; duration: number; price: number; url: string; description?: string | undefined; location?: string | undefined; isActive?: boolean | undefined; }, any, TFieldValues>' is not assignable to type 'Resolver<{ title: string; duration: number; price: number; url: string; description?: string | undefined; location?: string | undefined; isActive?: boolean | undefined; }, any, { title: string; duration: number; ... 4 more ...; isActive?: boolean | undefined; }>'.
        Type 'ResolverResult<{ title: string; duration: number; price: number; url: string; description?: string | undefined; location?: string | undefined; isActive?: boolean | undefined; }, TFieldValues> | Promise<...>' is not assignable to type 'ResolverResult<{ title: string; duration: number; price: number; url: string; description?: string | undefined; location?: string | undefined; isActive?: boolean | undefined; }, { title: string; duration: number; ... 4 more ...; isActive?: boolean | undefined; }> | Promise<...>'.
          Type 'ResolverSuccess<TFieldValues>' is not assignable to type 'ResolverResult<{ title: string; duration: number; price: number; url: string; description?: string | undefined; location?: string | undefined; isActive?: boolean | undefined; }, { title: string; duration: number; ... 4 more ...; isActive?: boolean | undefined; }> | Promise<...>'.
            Type 'ResolverSuccess<TFieldValues>' is not assignable to type 'ResolverSuccess<{ title: string; duration: number; price: number; url: string; description?: string | undefined; location?: string | undefined; isActive?: boolean | undefined; }>'.
              Type 'TFieldValues' is not assignable to type '{ title: string; duration: number; price: number; url: string; description?: string | undefined; location?: string | undefined; isActive?: boolean | undefined; }'.
                Type 'FieldValues' is missing the following properties from type '{ title: string; duration: number; price: number; url: string; description?: string | undefined; location?: string | undefined; isActive?: boolean | undefined; }': title, duration, price, url
components/services/service-form.tsx(169,33): error TS2322: Type 'Control<{ title: string; duration: number; price: number; url: string; description?: string | undefined; location?: string | undefined; isActive?: boolean | undefined; }, any, TFieldValues>' is not assignable to type 'Control<{ title: string; duration: number; price: number; url: string; description?: string | undefined; location?: string | undefined; isActive?: boolean | undefined; }, any, { title: string; duration: number; ... 4 more ...; isActive?: boolean | undefined; }>'.
  The types of '_options.resolver' are incompatible between these types.
    Type 'Resolver<{ title: string; duration: number; price: number; url: string; description?: string | undefined; location?: string | undefined; isActive?: boolean | undefined; }, any, TFieldValues> | undefined' is not assignable to type 'Resolver<{ title: string; duration: number; price: number; url: string; description?: string | undefined; location?: string | undefined; isActive?: boolean | undefined; }, any, { title: string; ... 5 more ...; isActive?: boolean | undefined; }> | undefined'.
      Type 'Resolver<{ title: string; duration: number; price: number; url: string; description?: string | undefined; location?: string | undefined; isActive?: boolean | undefined; }, any, TFieldValues>' is not assignable to type 'Resolver<{ title: string; duration: number; price: number; url: string; description?: string | undefined; location?: string | undefined; isActive?: boolean | undefined; }, any, { title: string; duration: number; ... 4 more ...; isActive?: boolean | undefined; }>'.
        Type 'ResolverResult<{ title: string; duration: number; price: number; url: string; description?: string | undefined; location?: string | undefined; isActive?: boolean | undefined; }, TFieldValues> | Promise<...>' is not assignable to type 'ResolverResult<{ title: string; duration: number; price: number; url: string; description?: string | undefined; location?: string | undefined; isActive?: boolean | undefined; }, { title: string; duration: number; ... 4 more ...; isActive?: boolean | undefined; }> | Promise<...>'.
          Type 'ResolverSuccess<TFieldValues>' is not assignable to type 'ResolverResult<{ title: string; duration: number; price: number; url: string; description?: string | undefined; location?: string | undefined; isActive?: boolean | undefined; }, { title: string; duration: number; ... 4 more ...; isActive?: boolean | undefined; }> | Promise<...>'.
            Type 'ResolverSuccess<TFieldValues>' is not assignable to type 'ResolverSuccess<{ title: string; duration: number; price: number; url: string; description?: string | undefined; location?: string | undefined; isActive?: boolean | undefined; }>'.
              Type 'TFieldValues' is not assignable to type '{ title: string; duration: number; price: number; url: string; description?: string | undefined; location?: string | undefined; isActive?: boolean | undefined; }'.
                Type 'FieldValues' is missing the following properties from type '{ title: string; duration: number; price: number; url: string; description?: string | undefined; location?: string | undefined; isActive?: boolean | undefined; }': title, duration, price, url
lib/mail.ts(1,24): error TS7016: Could not find a declaration file for module 'nodemailer'. 'D:/Datos/Documentos/Proyectos/Proyecto 2/reservation-system/node_modules/nodemailer/lib/nodemailer.js' implicitly has an 'any' type.
  Try `npm i --save-dev @types/nodemailer` if it exists or add a new declaration (.d.ts) file containing `declare module 'nodemailer';`
prisma.config.ts(4,30): error TS2307: Cannot find module 'prisma/config' or its corresponding type declarations.
